<html>
<body>
<pre>
<h1>µVision Build Log</h1>
<h2>Tool Versions:</h2>
IDE-Version: ¦ÌVision V5.33.0.0
Copyright (C) 2020 ARM Ltd and ARM Germany GmbH. All rights reserved.
License Information: Wenbo Li, qq, LIC=FYKYW-QI0CQ-563Q2-9PNYJ-PJ1C6-LP6QC
 
Tool Versions:
Toolchain:       MDK-ARM Plus  Version: 5.33.0.0
Toolchain Path:  C:\Keil_v5\ARM\ARMCC\Bin
C Compiler:      Armcc.exe V5.06 update 7 (build 960)
Assembler:       Armasm.exe V5.06 update 7 (build 960)
Linker/Locator:  ArmLink.exe V5.06 update 7 (build 960)
Library Manager: ArmAr.exe V5.06 update 7 (build 960)
Hex Converter:   FromElf.exe V5.06 update 7 (build 960)
CPU DLL:         SARMCM3.DLL V5.33.0.0
Dialog DLL:      DCM.DLL V1.17.3.0
Target DLL:      STLink\ST-LINKIII-KEIL_SWO.dll V3.0.8.0
Dialog DLL:      TCM.DLL V1.48.0.0
 
<h2>Project:</h2>
C:\Users\wenbo.li\Desktop\test_version\MDK-ARM\STM32F769I_DISCO.uvprojx
Project File Date:  09/16/2022

<h2>Output:</h2>
*** Using Compiler 'V5.06 update 7 (build 960)', folder: 'C:\Keil_v5\ARM\ARMCC\Bin'
*** Warning: You are compiling one or more files of source type C++ and have selected 'use MicroLIB'. MicroLIB does not support C++!
  
Build target 'STM32F769I_DISCO'
compiling Screen1ViewBase.cpp...
compiling main.c...
../Core/Inc/JsonParser.h(12): warning:  #1295-D: Deprecated declaration cpuInfoParser - give arg types
  	void cpuInfoParser();
../Core/Inc/JsonParser.h(13): warning:  #1295-D: Deprecated declaration triggerParser - give arg types
  	void triggerParser();
../Core/Inc/JsonParser.h(14): warning:  #1-D: last line of file ends without a newline
  #endif /* __MAIN_H */
../Core/Inc/User_Button_LED.h(81): warning:  #1-D: last line of file ends without a newline
  #endif 
../Core/Src/main.c(278): warning:  #177-D: variable "taskId"  was declared but never referenced
  	OsTaskId taskId;
../Core/Src/main.c(2165): warning:  #177-D: variable "bufferSameFlag"  was declared but never referenced
  	uint8_t bufferSameFlag = 0;
../Core/Src/main.c(2169): warning:  #177-D: variable "msg_file"  was declared but never referenced
  	MSGQUEUE_OBJ_t msg_file;
../Core/Src/main.c(2566): warning:  #111-D: statement is unreachable
      osDelay(1);
../Core/Src/main.c: 8 warnings, 0 errors
compiling Screen1View.cpp...
linking...
STM32F769I_DISCO.sct(16): warning: L6314W: No section matches pattern *.o(TouchGFX_Framebuffer).
Program Size: Code=332390 RO-data=9479858 RW-data=15304 ZI-data=1275144  
Finished: 0 information, 1 warning and 0 error messages.
FromELF: creating hex file...
"STM32F769I_DISCO\STM32F769I_DISCO.axf" - 0 Error(s), 9 Warning(s).

<h2>Software Packages used:</h2>

Package Vendor: ARM
                http://www.keil.com/pack/ARM.CMSIS.5.8.0.pack
                ARM.CMSIS.5.8.0
                CMSIS (Common Microcontroller Software Interface Standard)
   * Component: CORE Version: 5.5.0

Package Vendor: Keil
                http://www.keil.com/pack/Keil.STM32F7xx_DFP.2.14.1.pack
                Keil.STM32F7xx_DFP.2.14.1
                STMicroelectronics STM32F7 Series Device Support, Drivers and Examples

<h2>Collection of Component include folders:</h2>
  .\RTE\_STM32F769I_DISCO
  C:\Users\wenbo.li\AppData\Local\Arm\Packs\ARM\CMSIS\5.8.0\CMSIS\Core\Include
  C:\Users\wenbo.li\AppData\Local\Arm\Packs\Keil\STM32F7xx_DFP\2.14.1\Drivers\CMSIS\Device\ST\STM32F7xx\Include

<h2>Collection of Component Files used:</h2>

   * Component: ARM::CMSIS:CORE:5.5.0
Build Time Elapsed:  00:00:30
</pre>
</body>
</html>
